not251/src/autoScale.ts(38,10): error TS6133: 'autoScale' is declared but its value is never read.
not251/src/autoScale.ts(261,10): error TS6133: 'adaptScale' is declared but its value is never read.
not251/src/grid.ts(45,3): error TS6133: 'left' is declared but its value is never read.
not251/src/index.ts(1,26): error TS6133: 'lcmInterval' is declared but its value is never read.
not251/src/index.ts(41,3): error TS1205: Re-exporting a type when 'isolatedModules' is enabled requires using 'export type'.
not251/src/index.ts(46,3): error TS1205: Re-exporting a type when 'isolatedModules' is enabled requires using 'export type'.
not251/src/index.ts(48,3): error TS1205: Re-exporting a type when 'isolatedModules' is enabled requires using 'export type'.
not251/src/positionVector.ts(1,1): error TS6133: 'minRotation' is declared but its value is never read.
not251/src/positionVector.ts(642,43): error TS6133: 'note' is declared but its value is never read.
not251/src/scale.ts(4,32): error TS6133: 'minRotation' is declared but its value is never read.
not251/src/scale.ts(226,7): error TS6133: 'mod' is declared but its value is never read.
not251/src/ScaleNames.ts(267,10): error TS6133: 'findScaleName' is declared but its value is never read.
not251/src/test_ranking_temp.ts(48,11): error TS6133: 'c_over_e' is declared but its value is never read.
not251/src/utility.ts(1,1): error TS6133: 'intervalVector' is declared but its value is never read.
not251/src/utility.ts(2,1): error TS6192: All imports in import declaration are unused.
src/components/Piano/Piano.tsx(1,40): error TS6133: 'useState' is declared but its value is never read.
src/components/Piano/Piano.tsx(161,56): error TS6133: 'props' is declared but its value is never read.
