not251/src/positionVector.ts(1,1): error TS6133: 'minRotation' is declared but its value is never read.
not251/src/positionVector.ts(640,43): error TS6133: 'note' is declared but its value is never read.
not251/src/scale.ts(4,32): error TS6133: 'minRotation' is declared but its value is never read.
not251/src/scale.ts(226,7): error TS6133: 'mod' is declared but its value is never read.
not251/src/utility.ts(1,1): error TS6133: 'intervalVector' is declared but its value is never read.
not251/src/utility.ts(2,1): error TS6192: All imports in import declaration are unused.
src/context/HarmonicContext.tsx(102,68): error TS6133: 'intervalTypes' is declared but its value is never read.
src/context/HarmonicContext.tsx(203,19): error TS6133: 'start' is declared but its value is never read.
src/hooks/useAudio.ts(1,31): error TS6133: 'useEffect' is declared but its value is never read.
